// Jest Snapshot v1, https://goo.gl/fbAQLP

exports[`HomePage renders correctly 1`] = `
.emotion-2 {
  display: -webkit-box;
  display: -webkit-flex;
  display: -ms-flexbox;
  display: flex;
  -webkit-flex-direction: column;
  -ms-flex-direction: column;
  flex-direction: column;
  height: 100%;
  min-height: 100vh;
}

.emotion-0 {
  -webkit-flex: 1;
  -ms-flex: 1;
  flex: 1;
}

.emotion-1 {
  -webkit-flex: none;
  -ms-flex: none;
  flex: none;
}

<div
  className="emotion-2"
>
  <div
    className="emotion-0"
  >
    <header>
      <h1>
        Hello world!
      </h1>
    </header>
    <main>
      <section>
        <p
          data-testid="app-description"
        >
          This is a Gatsbyjs starter that ships with boilerplate Gatsby and a small collection of plugins to start a PWA with Google Analytics, Tag Manager, Manifest, SEO tools, Stripe for product listings and checkout, plus the basic TDD/automated-test tools preferred by the Gatsby core contributors: Jest & Cypress.
        </p>
        <p>
          A demo of this starter can be found at 
          <a
            href="//gatsby-starter.davesabine.com"
          >
            gatsby-starter.davesabine.com
          </a>
           and the full source code is at 
          <a
            href="//github.com/DavidSabine/gatsby-starter"
          >
            github.com/DavidSabine/gatsby-starter
          </a>
          .
        </p>
      </section>
      <section>
        <h2>
          Notable Pages of this Starter
        </h2>
        <ul>
          <li>
            <a
              aria-current="page"
              className=""
              href="/"
              onClick={[Function]}
              onMouseEnter={[Function]}
              style={Object {}}
            >
              Home
            </a>
          </li>
          <li>
            <a
              href="/404/"
              onClick={[Function]}
              onMouseEnter={[Function]}
            >
              Custom 404 Error
            </a>
            : overrides the Gatsbyjs default 404
          </li>
          <li>
            <a
              href="/dashboard/"
              onClick={[Function]}
              onMouseEnter={[Function]}
            >
              Dashboard
            </a>
            : a client-only path (not rendered as static HTML)
            <ul>
              <li>
                <a
                  href="/dashboard/login"
                  onClick={[Function]}
                  onMouseEnter={[Function]}
                >
                  Login
                </a>
                : just a placeholder component
              </li>
              <li>
                <a
                  href="/dashboard/profile"
                  onClick={[Function]}
                  onMouseEnter={[Function]}
                >
                  Profile
                </a>
                : just a placeholder component
              </li>
            </ul>
          </li>
        </ul>
      </section>
    </main>
  </div>
  <footer
    className="emotion-1"
    dangerouslySetInnerHTML={
      Object {
        "__html": "
		<a rel=\\"license\\" href=\\"//creativecommons.org/licenses/by-sa/4.0/\\"><img alt=\\"Creative Commons Licence\\" style=\\"border-width:0\\" src=\\"//i.creativecommons.org/l/by-sa/4.0/88x31.png\\" /></a><br />
		<span xmlns:dct=\\"http://purl.org/dc/terms/\\" property=\\"dct:title\\">DavidSabine/gatsby-starter</span> by <a xmlns:cc=\\"http://creativecommons.org/ns#\\" href=\\"//davesabine.com\\" property=\\"cc:attributionName\\" rel=\\"cc:attributionURL\\">David Sabine</a> is licensed under a <a rel=\\"license\\" href=\\"//creativecommons.org/licenses/by-sa/4.0/\\">Creative Commons Attribution-ShareAlike 4.0 International License</a>.<br />
		Based on a work at <a xmlns:dct=\\"http://purl.org/dc/terms/\\" href=\\"//github.com/DavidSabine/gatsby-starter\\" rel=\\"dct:source\\">github.com/DavidSabine/gatsby-starter</a>.
	",
      }
    }
  />
</div>
`;
